[ BeginEnv "proposition"
, Label "prop1"
, BeginEnv "math"
, Variable "a"
, Symbol "="
, Variable "a"
, EndEnv "math"
, Symbol "."
, EndEnv "proposition"
, BeginEnv "proposition"
, Label "prop2"
, BeginEnv "math"
, Variable "b"
, Symbol "="
, Variable "b"
, EndEnv "math"
, Symbol "."
, EndEnv "proposition"
, BeginEnv "proposition"
, Label "prop3"
, BeginEnv "math"
, Variable "c"
, Symbol "="
, Variable "c"
, EndEnv "math"
, Symbol "."
, EndEnv "proposition"
, BeginEnv "proof"
, Word "follows"
, Word "by"
, Ref
    ( "prop1" :| [] )
, Symbol "."
, EndEnv "proof"
, BeginEnv "proposition"
, Label "prop4"
, BeginEnv "math"
, Variable "e"
, Symbol "="
, Variable "e"
, EndEnv "math"
, Symbol "."
, EndEnv "proposition"
, BeginEnv "proof"
, Word "for"
, Word "all"
, BeginEnv "math"
, Variable "d"
, EndEnv "math"
, Word "we"
, Word "have"
, BeginEnv "math"
, Variable "d"
, Symbol "="
, Variable "d"
, EndEnv "math"
, Word "by"
, Ref
    ( "prop1" :| [] )
, Symbol "."
, EndEnv "proof"
, BeginEnv "proposition"
, Label "prop5"
, BeginEnv "math"
, Variable "f"
, Symbol "="
, Variable "f"
, EndEnv "math"
, Symbol "."
, EndEnv "proposition"
]